I created a new repo in github then did the terminal commands below to add git and then attach it to the remote repo.
I made a few changes and pushed them up.



slc102642:// nbirth$ cd Users/nbirth/Desktop/
slc102642:Desktop nbirth$ mkdir basic_repo
slc102642:Desktop nbirth$ cd basic_repo/
slc102642:basic_repo nbirth$ touch basic.html
slc102642:basic_repo nbirth$ touch style.css
slc102642:basic_repo nbirth$ touch main.js
slc102642:basic_repo nbirth$ code .
slc102642:basic_repo nbirth$ git init
Initialized empty Git repository in /Users/nbirth/Desktop/basic_repo/.git/
slc102642:basic_repo nbirth$ git add .
slc102642:basic_repo nbirth$ git commit -m "Basic Repo for the Dojo"
[master (root-commit) bdf8501] Basic Repo for the Dojo
 3 files changed, 16 insertions(+)
 create mode 100644 basic.html
 create mode 100644 main.js
 create mode 100644 style.css
slc102642:basic_repo nbirth$ git status
On branch master
nothing to commit, working tree clean
slc102642:basic_repo nbirth$ git remote add origin https://github.com/nate-birth/basic_repo.git
slc102642:basic_repo nbirth$ git push origin master
Enumerating objects: 5, done.
Counting objects: 100% (5/5), done.
Delta compression using up to 8 threads
Compressing objects: 100% (3/3), done.
Writing objects: 100% (5/5), 510 bytes | 510.00 KiB/s, done.
Total 5 (delta 0), reused 0 (delta 0)
To https://github.com/nate-birth/basic_repo.git
 * [new branch]      master -> master
slc102642:basic_repo nbirth$ git status
On branch master
Changes not staged for commit:
  (use "git add <file>..." to update what will be committed)
  (use "git checkout -- <file>..." to discard changes in working directory)

	modified:   main.js

no changes added to commit (use "git add" and/or "git commit -a")
slc102642:basic_repo nbirth$ git add main.js
slc102642:basic_repo nbirth$ git commit -m "Made changes to the JavaScript file"[master beab2ef] Made changes to the JavaScript file
 1 file changed, 3 insertions(+)
slc102642:basic_repo nbirth$ git push origin master
Enumerating objects: 5, done.
Counting objects: 100% (5/5), done.
Delta compression using up to 8 threads
Compressing objects: 100% (2/2), done.
Writing objects: 100% (3/3), 365 bytes | 365.00 KiB/s, done.
Total 3 (delta 0), reused 0 (delta 0)
To https://github.com/nate-birth/basic_repo.git
   bdf8501..beab2ef  master -> master
slc102642:basic_repo nbirth$